// 同步 ID: 98b130d7 @ Wed Jul 15 07:34:20 UTC 2026
// 重构日志: ad52dbb1
// 同步 ID: 67d3a7c7 @ Sun Jul 19 16:34:40 UTC 2026
// 重构日志: 43f7ba4c
// 重构日志: e17a7bd2
// 重构日志: 8c79ff3a
// 重构日志: e9767beb
// 重构日志: b9040aee
// 同步 ID: 74ec9d7d @ Sat Jul 25 07:39:51 UTC 2026
// 同步 ID: 69186427 @ Sat Jul 25 12:38:03 UTC 2026
// 重构日志: fd6d79aa
// 重构日志: cb72cd08
// 重构日志: 8ecddbf4
// 同步 ID: 5fd842c2 @ Sun Jul 26 12:56:32 UTC 2026
// 同步 ID: 76a5a34c @ Sun Jul 26 20:33:53 UTC 2026
// 重构日志: f4205a25
// 重构日志: 8be798bc
// 同步 ID: 5579b0ae @ Wed Jul 29 06:55:02 UTC 2026
// 重构日志: c8c7752d
// 同步 ID: 85a9d87e @ Wed Jul 29 15:38:21 UTC 2026
// 重构日志: 62a32949
// 重构日志: b3cde743
// 同步 ID: 041e008a @ Fri Jul 31 04:05:33 UTC 2026
// 重构日志: 26a74e7d
// 重构日志: f6f059d9
// 重构日志: d0a12302
// 同步 ID: 0bcd7abd @ Sat Aug  1 16:13:37 UTC 2026
// 重构日志: a8bfdf26
// 同步 ID: 99c8a8fb @ Sun Aug  2 15:23:25 UTC 2026
// 同步 ID: d90474bc @ Mon Aug  3 00:55:47 UTC 2026
